Archive member included to satisfy reference by file (symbol)

c:/st/stm32cubeide_1.7.0/stm32cubeide/plugins/com.st.stm32cube.ide.mcu.externaltools.gnu-tools-for-stm32.9-2020-q2-update.win32_2.0.0.202105311346/tools/bin/../lib/gcc/arm-none-eabi/9.3.1/../../../../arm-none-eabi/lib/thumb/v7-m/nofp\libc_nano.a(lib_a-errno.o)
                              ./Core/Src/syscalls.o (__errno)
c:/st/stm32cubeide_1.7.0/stm32cubeide/plugins/com.st.stm32cube.ide.mcu.externaltools.gnu-tools-for-stm32.9-2020-q2-update.win32_2.0.0.202105311346/tools/bin/../lib/gcc/arm-none-eabi/9.3.1/../../../../arm-none-eabi/lib/thumb/v7-m/nofp\libc_nano.a(lib_a-exit.o)
                              c:/st/stm32cubeide_1.7.0/stm32cubeide/plugins/com.st.stm32cube.ide.mcu.externaltools.gnu-tools-for-stm32.9-2020-q2-update.win32_2.0.0.202105311346/tools/bin/../lib/gcc/arm-none-eabi/9.3.1/../../../../arm-none-eabi/lib/thumb/v7-m/nofp/crt0.o (exit)
c:/st/stm32cubeide_1.7.0/stm32cubeide/plugins/com.st.stm32cube.ide.mcu.externaltools.gnu-tools-for-stm32.9-2020-q2-update.win32_2.0.0.202105311346/tools/bin/../lib/gcc/arm-none-eabi/9.3.1/../../../../arm-none-eabi/lib/thumb/v7-m/nofp\libc_nano.a(lib_a-impure.o)
                              c:/st/stm32cubeide_1.7.0/stm32cubeide/plugins/com.st.stm32cube.ide.mcu.externaltools.gnu-tools-for-stm32.9-2020-q2-update.win32_2.0.0.202105311346/tools/bin/../lib/gcc/arm-none-eabi/9.3.1/../../../../arm-none-eabi/lib/thumb/v7-m/nofp\libc_nano.a(lib_a-exit.o) (_global_impure_ptr)
c:/st/stm32cubeide_1.7.0/stm32cubeide/plugins/com.st.stm32cube.ide.mcu.externaltools.gnu-tools-for-stm32.9-2020-q2-update.win32_2.0.0.202105311346/tools/bin/../lib/gcc/arm-none-eabi/9.3.1/../../../../arm-none-eabi/lib/thumb/v7-m/nofp\libc_nano.a(lib_a-init.o)
                              c:/st/stm32cubeide_1.7.0/stm32cubeide/plugins/com.st.stm32cube.ide.mcu.externaltools.gnu-tools-for-stm32.9-2020-q2-update.win32_2.0.0.202105311346/tools/bin/../lib/gcc/arm-none-eabi/9.3.1/../../../../arm-none-eabi/lib/thumb/v7-m/nofp/crt0.o (__libc_init_array)
c:/st/stm32cubeide_1.7.0/stm32cubeide/plugins/com.st.stm32cube.ide.mcu.externaltools.gnu-tools-for-stm32.9-2020-q2-update.win32_2.0.0.202105311346/tools/bin/../lib/gcc/arm-none-eabi/9.3.1/../../../../arm-none-eabi/lib/thumb/v7-m/nofp\libc_nano.a(lib_a-malloc.o)
                              ./Core/Src/Software_Timer.o (malloc)
c:/st/stm32cubeide_1.7.0/stm32cubeide/plugins/com.st.stm32cube.ide.mcu.externaltools.gnu-tools-for-stm32.9-2020-q2-update.win32_2.0.0.202105311346/tools/bin/../lib/gcc/arm-none-eabi/9.3.1/../../../../arm-none-eabi/lib/thumb/v7-m/nofp\libc_nano.a(lib_a-memset.o)
                              c:/st/stm32cubeide_1.7.0/stm32cubeide/plugins/com.st.stm32cube.ide.mcu.externaltools.gnu-tools-for-stm32.9-2020-q2-update.win32_2.0.0.202105311346/tools/bin/../lib/gcc/arm-none-eabi/9.3.1/../../../../arm-none-eabi/lib/thumb/v7-m/nofp/crt0.o (memset)
c:/st/stm32cubeide_1.7.0/stm32cubeide/plugins/com.st.stm32cube.ide.mcu.externaltools.gnu-tools-for-stm32.9-2020-q2-update.win32_2.0.0.202105311346/tools/bin/../lib/gcc/arm-none-eabi/9.3.1/../../../../arm-none-eabi/lib/thumb/v7-m/nofp\libc_nano.a(lib_a-nano-freer.o)
                              c:/st/stm32cubeide_1.7.0/stm32cubeide/plugins/com.st.stm32cube.ide.mcu.externaltools.gnu-tools-for-stm32.9-2020-q2-update.win32_2.0.0.202105311346/tools/bin/../lib/gcc/arm-none-eabi/9.3.1/../../../../arm-none-eabi/lib/thumb/v7-m/nofp\libc_nano.a(lib_a-malloc.o) (_free_r)
c:/st/stm32cubeide_1.7.0/stm32cubeide/plugins/com.st.stm32cube.ide.mcu.externaltools.gnu-tools-for-stm32.9-2020-q2-update.win32_2.0.0.202105311346/tools/bin/../lib/gcc/arm-none-eabi/9.3.1/../../../../arm-none-eabi/lib/thumb/v7-m/nofp\libc_nano.a(lib_a-nano-mallocr.o)
                              c:/st/stm32cubeide_1.7.0/stm32cubeide/plugins/com.st.stm32cube.ide.mcu.externaltools.gnu-tools-for-stm32.9-2020-q2-update.win32_2.0.0.202105311346/tools/bin/../lib/gcc/arm-none-eabi/9.3.1/../../../../arm-none-eabi/lib/thumb/v7-m/nofp\libc_nano.a(lib_a-malloc.o) (_malloc_r)
c:/st/stm32cubeide_1.7.0/stm32cubeide/plugins/com.st.stm32cube.ide.mcu.externaltools.gnu-tools-for-stm32.9-2020-q2-update.win32_2.0.0.202105311346/tools/bin/../lib/gcc/arm-none-eabi/9.3.1/../../../../arm-none-eabi/lib/thumb/v7-m/nofp\libc_nano.a(lib_a-sbrkr.o)
                              c:/st/stm32cubeide_1.7.0/stm32cubeide/plugins/com.st.stm32cube.ide.mcu.externaltools.gnu-tools-for-stm32.9-2020-q2-update.win32_2.0.0.202105311346/tools/bin/../lib/gcc/arm-none-eabi/9.3.1/../../../../arm-none-eabi/lib/thumb/v7-m/nofp\libc_nano.a(lib_a-nano-mallocr.o) (_sbrk_r)
c:/st/stm32cubeide_1.7.0/stm32cubeide/plugins/com.st.stm32cube.ide.mcu.externaltools.gnu-tools-for-stm32.9-2020-q2-update.win32_2.0.0.202105311346/tools/bin/../lib/gcc/arm-none-eabi/9.3.1/../../../../arm-none-eabi/lib/thumb/v7-m/nofp\libc_nano.a(lib_a-mlock.o)
[...]
Memory Configuration

Name             Origin             Length             Attributes
RAM              0x0000000020000000 0x0000000000002800 xrw
FLASH            0x0000000008000000 0x0000000000008000 xr
*default*        0x0000000000000000 0xffffffffffffffff

Linker script and memory map

LOAD c:/st/stm32cubeide_1.7.0/stm32cubeide/plugins/com.st.stm32cube.ide.mcu.externaltools.gnu-tools-for-stm32.9-2020-q2-update.win32_2.0.0.202105311346/tools/bin/../lib/gcc/arm-none-eabi/9.3.1/thumb/v7-m/nofp/crti.o
LOAD c:/st/stm32cubeide_1.7.0/stm32cubeide/plugins/com.st.stm32cube.ide.mcu.externaltools.gnu-tools-for-stm32.9-2020-q2-update.win32_2.0.0.202105311346/tools/bin/../lib/gcc/arm-none-eabi/9.3.1/thumb/v7-m/nofp/crtbegin.o
LOAD c:/st/stm32cubeide_1.7.0/stm32cubeide/plugins/com.st.stm32cube.ide.mcu.externaltools.gnu-tools-for-stm32.9-2020-q2-update.win32_2.0.0.202105311346/tools/bin/../lib/gcc/arm-none-eabi/9.3.1/../../../../arm-none-eabi/lib/thumb/v7-m/nofp/crt0.o
LOAD ./Core/Src/Button.o
LOAD ./Core/Src/Finite_State_Machine.o
LOAD ./Core/Src/LED_Display.o
LOAD ./Core/Src/Linked_List.o
LOAD ./Core/Src/Software_Timer.o
LOAD ./Core/Src/main.o
LOAD ./Core/Src/stm32f1xx_hal_msp.o
LOAD ./Core/Src/stm32f1xx_it.o
LOAD ./Core/Src/syscalls.o
LOAD ./Core/Src/sysmem.o
LOAD ./Core/Src/system_stm32f1xx.o
LOAD ./Core/Startup/startup_stm32f103c6tx.o
LOAD ./Drivers/STM32F1xx_HAL_Driver/Src/stm32f1xx_hal.o
LOAD ./Drivers/STM32F1xx_HAL_Driver/Src/stm32f1xx_hal_cortex.o
LOAD ./Drivers/STM32F1xx_HAL_Driver/Src/stm32f1xx_hal_dma.o
LOAD ./Drivers/STM32F1xx_HAL_Driver/Src/stm32f1xx_hal_exti.o
LOAD ./Drivers/STM32F1xx_HAL_Driver/Src/stm32f1xx_hal_flash.o
LOAD ./Drivers/STM32F1xx_HAL_Driver/Src/stm32f1xx_hal_flash_ex.o
LOAD ./Drivers/STM32F1xx_HAL_Driver/Src/stm32f1xx_hal_gpio.o
LOAD ./Drivers/STM32F1xx_HAL_Driver/Src/stm32f1xx_hal_gpio_ex.o
LOAD ./Drivers/STM32F1xx_HAL_Driver/Src/stm32f1xx_hal_pwr.o
LOAD ./Drivers/STM32F1xx_HAL_Driver/Src/stm32f1xx_hal_rcc.o
LOAD ./Drivers/STM32F1xx_HAL_Driver/Src/stm32f1xx_hal_rcc_ex.o
LOAD ./Drivers/STM32F1xx_HAL_Driver/Src/stm32f1xx_hal_tim.o
LOAD ./Drivers/STM32F1xx_HAL_Driver/Src/stm32f1xx_hal_tim_ex.o
START GROUP
LOAD c:/st/stm32cubeide_1.7.0/stm32cubeide/plugins/com.st.stm32cube.ide.mcu.externaltools.gnu-tools-for-stm32.9-2020-q2-update.win32_2.0.0.202105311346/tools/bin/../lib/gcc/arm-none-eabi/9.3.1/../../../../arm-none-eabi/lib/thumb/v7-m/nofp\libc_nano.a
LOAD c:/st/stm32cubeide_1.7.0/stm32cubeide/plugins/com.st.stm32cube.ide.mcu.externaltools.gnu-tools-for-stm32.9-2020-q2-update.win32_2.0.0.202105311346/tools/bin/../lib/gcc/arm-none-eabi/9.3.1/../../../../arm-none-eabi/lib/thumb/v7-m/nofp\libm.a
END GROUP
START GROUP
LOAD c:/st/stm32cubeide_1.7.0/stm32cubeide/plugins/com.st.stm32cube.ide.mcu.externaltools.gnu-tools-for-stm32.9-2020-q2-update.win32_2.0.0.202105311346/tools/bin/../lib/gcc/arm-none-eabi/9.3.1/thumb/v7-m/nofp\libgcc.a
LOAD c:/st/stm32cubeide_1.7.0/stm32cubeide/plugins/com.st.stm32cube.ide.mcu.externaltools.gnu-tools-for-stm32.9-2020-q2-update.win32_2.0.0.202105311346/tools/bin/../lib/gcc/arm-none-eabi/9.3.1/../../../../arm-none-eabi/lib/thumb/v7-m/nofp\libc_nano.a
END GROUP
START GROUP
LOAD c:/st/stm32cubeide_1.7.0/stm32cubeide/plugins/com.st.stm32cube.ide.mcu.externaltools.gnu-tools-for-stm32.9-2020-q2-update.win32_2.0.0.202105311346/tools/bin/../lib/gcc/arm-none-eabi/9.3.1/thumb/v7-m/nofp\libgcc.a
LOAD c:/st/stm32cubeide_1.7.0/stm32cubeide/plugins/com.st.stm32cube.ide.mcu.externaltools.gnu-tools-for-stm32.9-2020-q2-update.win32_2.0.0.202105311346/tools/bin/../lib/gcc/arm-none-eabi/9.3.1/../../../../arm-none-eabi/lib/thumb/v7-m/nofp\libc_nano.a
LOAD c:/st/stm32cubeide_1.7.0/stm32cubeide/plugins/com.st.stm32cube.ide.mcu.externaltools.gnu-tools-for-stm32.9-2020-q2-update.win32_2.0.0.202105311346/tools/bin/../lib/gcc/arm-none-eabi/9.3.1/../../../../arm-none-eabi/lib/thumb/v7-m/nofp\libnosys.a
END GROUP
START GROUP
LOAD c:/st/stm32cubeide_1.7.0/stm32cubeide/plugins/com.st.stm32cube.ide.mcu.externaltools.gnu-tools-for-stm32.9-2020-q2-update.win32_2.0.0.202105311346/tools/bin/../lib/gcc/arm-none-eabi/9.3.1/thumb/v7-m/nofp\libgcc.a
LOAD c:/st/stm32cubeide_1.7.0/stm32cubeide/plugins/com.st.stm32cube.ide.mcu.externaltools.gnu-tools-for-stm32.9-2020-q2-update.win32_2.0.0.202105311346/tools/bin/../lib/gcc/arm-none-eabi/9.3.1/../../../../arm-none-eabi/lib/thumb/v7-m/nofp\libc_nano.a
LOAD c:/st/stm32cubeide_1.7.0/stm32cubeide/plugins/com.st.stm32cube.ide.mcu.externaltools.gnu-tools-for-stm32.9-2020-q2-update.win32_2.0.0.202105311346/tools/bin/../lib/gcc/arm-none-eabi/9.3.1/../../../../arm-none-eabi/lib/thumb/v7-m/nofp\libnosys.a
END GROUP
LOAD c:/st/stm32cubeide_1.7.0/stm32cubeide/plugins/com.st.stm32cube.ide.mcu.externaltools.gnu-tools-for-stm32.9-2020-q2-update.win32_2.0.0.202105311346/tools/bin/../lib/gcc/arm-none-eabi/9.3.1/thumb/v7-m/nofp/crtend.o
LOAD c:/st/stm32cubeide_1.7.0/stm32cubeide/plugins/com.st.stm32cube.ide.mcu.externaltools.gnu-tools-for-stm32.9-2020-q2-update.win32_2.0.0.202105311346/tools/bin/../lib/gcc/arm-none-eabi/9.3.1/thumb/v7-m/nofp/crtn.o
                0x0000000020002800                _estack = (ORIGIN (RAM) + LENGTH (RAM))
                0x0000000000000200                _Min_Heap_Size = 0x200
                0x0000000000000400                _Min_Stack_Size = 0x400

.isr_vector     0x0000000008000000      0x10c
                0x0000000008000000                . = ALIGN (0x4)
 *(.isr_vector)
 .isr_vector    0x0000000008000000      0x10c ./Core/Startup/startup_stm32f103c6tx.o
                0x0000000008000000                g_pfnVectors
                0x000000000800010c                . = ALIGN (0x4)

.text           0x000000000800010c     0x28d0
                0x000000000800010c                . = ALIGN (0x4)
 *(.text)
 .text          0x000000000800010c       0x40 c:/st/stm32cubeide_1.7.0/stm32cubeide/plugins/com.st.stm32cube.ide.mcu.externaltools.gnu-tools-for-stm32.9-2020-q2-update.win32_2.0.0.202105311346/tools/bin/../lib/gcc/arm-none-eabi/9.3.1/thumb/v7-m/nofp/crtbegin.o
 *(.text*)
 .text.Button_ReadInput
                0x000000000800014c      0x104 ./Core/Src/Button.o
                0x000000000800014c                Button_ReadInput
 .text.Button_TimerInit
                0x0000000008000250       0x38 ./Core/Src/Button.o
                0x0000000008000250                Button_TimerInit
 .text.Button_GetButtonState
                0x0000000008000288       0x3c ./Core/Src/Button.o
                0x0000000008000288                Button_GetButtonState
 .text.FiniteStateMachine_Run
                0x00000000080002c4      0x260 ./Core/Src/Finite_State_Machine.o
                0x00000000080002c4                FiniteStateMachine_Run
 .text.FiniteStateMachine_Init
                0x0000000008000524       0x74 ./Core/Src/Finite_State_Machine.o
                0x0000000008000524                FiniteStateMachine_Init
 .text.FiniteStateMachine_Normal
                0x0000000008000598      0x128 ./Core/Src/Finite_State_Machine.o
                0x0000000008000598                FiniteStateMachine_Normal
 .text.FiniteStateMachine_ModifyRed
                0x00000000080006c0       0x38 ./Core/Src/Finite_State_Machine.o
                0x00000000080006c0                FiniteStateMachine_ModifyRed
 .text.FiniteStateMachine_ModifyYellow
                0x00000000080006f8       0x38 ./Core/Src/Finite_State_Machine.o
                0x00000000080006f8                FiniteStateMachine_ModifyYellow
 .text.FiniteStateMachine_ModifyGreen
                0x0000000008000730       0x38 ./Core/Src/Finite_State_Machine.o
                0x0000000008000730                FiniteStateMachine_ModifyGreen
 .text.UpdateLEDBuffer
                0x0000000008000768       0x7c ./Core/Src/Finite_State_Machine.o
                0x0000000008000768                UpdateLEDBuffer
 .text.FiniteStateMachine_ToggleLight
                0x00000000080007e4       0x48 ./Core/Src/Finite_State_Machine.o
                0x00000000080007e4                FiniteStateMachine_ToggleLight
 .text.UpdateBaseCounter
                0x000000000800082c       0xb4 ./Core/Src/Finite_State_Machine.o
                0x000000000800082c                UpdateBaseCounter
 .text.BalanceBaseCounter
                0x00000000080008e0       0x70 ./Core/Src/Finite_State_Machine.o
                0x00000000080008e0                BalanceBaseCounter
 .text.LEDdisplay_DisplayNumber
                0x0000000008000950       0x40 ./Core/Src/LED_Display.o
                0x0000000008000950                LEDdisplay_DisplayNumber
 .text.LEDdisplay_ClearEn
                0x0000000008000990       0x3c ./Core/Src/LED_Display.o
                0x0000000008000990                LEDdisplay_ClearEn
 .text.LEDdisplay_ClearBuffer
                0x00000000080009cc       0x3c ./Core/Src/LED_Display.o
                0x00000000080009cc                LEDdisplay_ClearBuffer
 .text.Display7SEG
                0x0000000008000a08      0x114 ./Core/Src/LED_Display.o
                0x0000000008000a08                Display7SEG
 .text.DisplayTraficLight
                0x0000000008000b1c       0xa4 ./Core/Src/LED_Display.o
                0x0000000008000b1c                DisplayTraficLight
 .text.ClearTraficLight
                0x0000000008000bc0       0x3c ./Core/Src/LED_Display.o
                0x0000000008000bc0                ClearTraficLight
 .text.LEDdisplay_ToggleLight
                0x0000000008000bfc       0x74 ./Core/Src/LED_Display.o
                0x0000000008000bfc                LEDdisplay_ToggleLight
 .text.LinkedList_Add
                0x0000000008000c70       0x6e ./Core/Src/Linked_List.o
                0x0000000008000c70                LinkedList_Add
 .text.LinkedList_PopHead
                0x0000000008000cde       0x20 ./Core/Src/Linked_List.o
                0x0000000008000cde                LinkedList_PopHead
 *fill*         0x0000000008000cfe        0x2 
 .text.SoftwareTimer_Init
                0x0000000008000d00       0x38 ./Core/Src/Software_Timer.o
                0x0000000008000d00                SoftwareTimer_Init
 .text.SoftwareTimer_AddNewTimer
                0x0000000008000d38       0x68 ./Core/Src/Software_Timer.o
                0x0000000008000d38                SoftwareTimer_AddNewTimer
 .text.SoftwareTimer_GetFlag
                0x0000000008000da0       0x20 ./Core/Src/Software_Timer.o
                0x0000000008000da0                SoftwareTimer_GetFlag
 .text.SoftwareTimer_ResetFlag
                0x0000000008000dc0       0x4c ./Core/Src/Software_Timer.o
                0x0000000008000dc0                SoftwareTimer_ResetFlag
 .text.SoftwareTimer_Step
                0x0000000008000e0c       0x88 ./Core/Src/Software_Timer.o
                0x0000000008000e0c                SoftwareTimer_Step
 .text.main     0x0000000008000e94       0x24 ./Core/Src/main.o
                0x0000000008000e94                main
 .text.SystemClock_Config
                0x0000000008000eb8       0x76 ./Core/Src/main.o
                0x0000000008000eb8                SystemClock_Config
 *fill*         0x0000000008000f2e        0x2 
 .text.MX_TIM2_Init
                0x0000000008000f30       0x98 ./Core/Src/main.o
 .text.MX_GPIO_Init
                0x0000000008000fc8       0xc4 ./Core/Src/main.o
 .text.HAL_TIM_PeriodElapsedCallback
                0x000000000800108c       0x22 ./Core/Src/main.o
                0x000000000800108c                HAL_TIM_PeriodElapsedCallback
 .text.Error_Handler
                0x00000000080010ae        0xa ./Core/Src/main.o
                0x00000000080010ae                Error_Handler
 .text.HAL_MspInit
                0x00000000080010b8       0x64 ./Core/Src/stm32f1xx_hal_msp.o
                0x00000000080010b8                HAL_MspInit
 .text.HAL_TIM_Base_MspInit
                0x000000000800111c       0x48 ./Core/Src/stm32f1xx_hal_msp.o
                0x000000000800111c                HAL_TIM_Base_MspInit
 .text.NMI_Handler
                0x0000000008001164        0x6 ./Core/Src/stm32f1xx_it.o
                0x0000000008001164                NMI_Handler
 .text.HardFault_Handler
                0x000000000800116a        0x6 ./Core/Src/stm32f1xx_it.o
                0x000000000800116a                HardFault_Handler
 .text.MemManage_Handler
                0x0000000008001170        0x6 ./Core/Src/stm32f1xx_it.o
                0x0000000008001170                MemManage_Handler
 .text.BusFault_Handler
                0x0000000008001176        0x6 ./Core/Src/stm32f1xx_it.o
                0x0000000008001176                BusFault_Handler
 .text.UsageFault_Handler
                0x000000000800117c        0x6 ./Core/Src/stm32f1xx_it.o
                0x000000000800117c                UsageFault_Handler
 .text.SVC_Handler
                0x0000000008001182        0xc ./Core/Src/stm32f1xx_it.o
                0x0000000008001182                SVC_Handler
 .text.DebugMon_Handler
                0x000000000800118e        0xc ./Core/Src/stm32f1xx_it.o
                0x000000000800118e                DebugMon_Handler
 .text.PendSV_Handler
                0x000000000800119a        0xc ./Core/Src/stm32f1xx_it.o
                0x000000000800119a                PendSV_Handler
 .text.SysTick_Handler
                0x00000000080011a6        0xc ./Core/Src/stm32f1xx_it.o
                0x00000000080011a6                SysTick_Handler
 *fill*         0x00000000080011b2        0x2 
 .text.TIM2_IRQHandler
                0x00000000080011b4       0x14 ./Core/Src/stm32f1xx_it.o
                0x00000000080011b4                TIM2_IRQHandler
 .text._sbrk    0x00000000080011c8       0x6c ./Core/Src/sysmem.o
                0x00000000080011c8                _sbrk
 .text.SystemInit
                0x0000000008001234        0xc ./Core/Src/system_stm32f1xx.o
                0x0000000008001234                SystemInit
 .text.Reset_Handler
                0x0000000008001240       0x48 ./Core/Startup/startup_stm32f103c6tx.o
                0x0000000008001240                Reset_Handler
 .text.Default_Handler
                0x0000000008001288        0x2 ./Core/Startup/startup_stm32f103c6tx.o
                0x0000000008001288                RTC_Alarm_IRQHandler
                0x0000000008001288                EXTI2_IRQHandler
                0x0000000008001288                TIM1_CC_IRQHandler
                0x0000000008001288                PVD_IRQHandler
                0x0000000008001288                EXTI3_IRQHandler
                0x0000000008001288                EXTI0_IRQHandler
                0x0000000008001288                ADC1_2_IRQHandler
                0x0000000008001288                SPI1_IRQHandler
                0x0000000008001288                TAMPER_IRQHandler
                0x0000000008001288                DMA1_Channel4_IRQHandler
                0x0000000008001288                RTC_IRQHandler
                0x0000000008001288                DMA1_Channel7_IRQHandler
                0x0000000008001288                CAN1_RX1_IRQHandler
                0x0000000008001288                I2C1_EV_IRQHandler
                0x0000000008001288                DMA1_Channel6_IRQHandler
                0x0000000008001288                TIM3_IRQHandler
                0x0000000008001288                RCC_IRQHandler
                0x0000000008001288                TIM1_TRG_COM_IRQHandler
                0x0000000008001288                DMA1_Channel1_IRQHandler
                0x0000000008001288                Default_Handler
                0x0000000008001288                EXTI15_10_IRQHandler
                0x0000000008001288                EXTI9_5_IRQHandler
                0x0000000008001288                DMA1_Channel5_IRQHandler
                0x0000000008001288                EXTI4_IRQHandler
                0x0000000008001288                USB_LP_CAN1_RX0_IRQHandler
                0x0000000008001288                USB_HP_CAN1_TX_IRQHandler
                0x0000000008001288                DMA1_Channel3_IRQHandler
                0x0000000008001288                TIM1_UP_IRQHandler
                0x0000000008001288                WWDG_IRQHandler
                0x0000000008001288                TIM1_BRK_IRQHandler
                0x0000000008001288                EXTI1_IRQHandler
                0x0000000008001288                USART2_IRQHandler
                0x0000000008001288                DMA1_Channel2_IRQHandler
                0x0000000008001288                CAN1_SCE_IRQHandler
                0x0000000008001288                FLASH_IRQHandler
                0x0000000008001288                USART1_IRQHandler
                0x0000000008001288                I2C1_ER_IRQHandler
                0x0000000008001288                USBWakeUp_IRQHandler
 *fill*         0x000000000800128a        0x2 
 .text.HAL_Init
                0x000000000800128c       0x2c ./Drivers/STM32F1xx_HAL_Driver/Src/stm32f1xx_hal.o
                0x000000000800128c                HAL_Init
 .text.HAL_InitTick
                0x00000000080012b8       0x60 ./Drivers/STM32F1xx_HAL_Driver/Src/stm32f1xx_hal.o
                0x00000000080012b8                HAL_InitTick
 .text.HAL_IncTick
                0x0000000008001318       0x24 ./Drivers/STM32F1xx_HAL_Driver/Src/stm32f1xx_hal.o
                0x0000000008001318                HAL_IncTick
 .text.HAL_GetTick
                0x000000000800133c       0x14 ./Drivers/STM32F1xx_HAL_Driver/Src/stm32f1xx_hal.o
                0x000000000800133c                HAL_GetTick
 .text.__NVIC_SetPriorityGrouping
                0x0000000008001350       0x48 ./Drivers/STM32F1xx_HAL_Driver/Src/stm32f1xx_hal_cortex.o
 .text.__NVIC_GetPriorityGrouping
                0x0000000008001398       0x1c ./Drivers/STM32F1xx_HAL_Driver/Src/stm32f1xx_hal_cortex.o
 .text.__NVIC_EnableIRQ
                0x00000000080013b4       0x38 ./Drivers/STM32F1xx_HAL_Driver/Src/stm32f1xx_hal_cortex.o
 .text.__NVIC_SetPriority
                0x00000000080013ec       0x54 ./Drivers/STM32F1xx_HAL_Driver/Src/stm32f1xx_hal_cortex.o
 .text.NVIC_EncodePriority
                0x0000000008001440       0x64 ./Drivers/STM32F1xx_HAL_Driver/Src/stm32f1xx_hal_cortex.o
 .text.SysTick_Config
                0x00000000080014a4       0x44 ./Drivers/STM32F1xx_HAL_Driver/Src/stm32f1xx_hal_cortex.o
 .text.HAL_NVIC_SetPriorityGrouping
                0x00000000080014e8       0x16 ./Drivers/STM32F1xx_HAL_Driver/Src/stm32f1xx_hal_cortex.o
                0x00000000080014e8                HAL_NVIC_SetPriorityGrouping
 .text.HAL_NVIC_SetPriority
                0x00000000080014fe       0x38 ./Drivers/STM32F1xx_HAL_Driver/Src/stm32f1xx_hal_cortex.o
                0x00000000080014fe                HAL_NVIC_SetPriority
 .text.HAL_NVIC_EnableIRQ
                0x0000000008001536       0x1c ./Drivers/STM32F1xx_HAL_Driver/Src/stm32f1xx_hal_cortex.o
                0x0000000008001536                HAL_NVIC_EnableIRQ
 .text.HAL_SYSTICK_Config
                0x0000000008001552       0x18 ./Drivers/STM32F1xx_HAL_Driver/Src/stm32f1xx_hal_cortex.o
                0x0000000008001552                HAL_SYSTICK_Config
 *fill*         0x000000000800156a        0x2 
 .text.HAL_GPIO_Init
                0x000000000800156c      0x2f4 ./Drivers/STM32F1xx_HAL_Driver/Src/stm32f1xx_hal_gpio.o
                0x000000000800156c                HAL_GPIO_Init
 .text.HAL_GPIO_ReadPin
                0x0000000008001860       0x2e ./Drivers/STM32F1xx_HAL_Driver/Src/stm32f1xx_hal_gpio.o
                0x0000000008001860                HAL_GPIO_ReadPin
 .text.HAL_GPIO_WritePin
                0x000000000800188e       0x30 ./Drivers/STM32F1xx_HAL_Driver/Src/stm32f1xx_hal_gpio.o
                0x000000000800188e                HAL_GPIO_WritePin
 .text.HAL_GPIO_TogglePin
                0x00000000080018be       0x32 ./Drivers/STM32F1xx_HAL_Driver/Src/stm32f1xx_hal_gpio.o
                0x00000000080018be                HAL_GPIO_TogglePin
 .text.HAL_RCC_OscConfig
                0x00000000080018f0      0x500 ./Drivers/STM32F1xx_HAL_Driver/Src/stm32f1xx_hal_rcc.o
                0x00000000080018f0                HAL_RCC_OscConfig
 .text.HAL_RCC_ClockConfig
                0x0000000008001df0      0x1d4 ./Drivers/STM32F1xx_HAL_Driver/Src/stm32f1xx_hal_rcc.o
                0x0000000008001df0                HAL_RCC_ClockConfig
 .text.HAL_RCC_GetSysClockFreq
                0x0000000008001fc4       0xa8 ./Drivers/STM32F1xx_HAL_Driver/Src/stm32f1xx_hal_rcc.o
                0x0000000008001fc4                HAL_RCC_GetSysClockFreq
 .text.RCC_Delay
                0x000000000800206c       0x3c ./Drivers/STM32F1xx_HAL_Driver/Src/stm32f1xx_hal_rcc.o
 .text.HAL_TIM_Base_Init
                0x00000000080020a8       0x9e ./Drivers/STM32F1xx_HAL_Driver/Src/stm32f1xx_hal_tim.o
                0x00000000080020a8                HAL_TIM_Base_Init
 *fill*         0x0000000008002146        0x2 
 .text.HAL_TIM_Base_Start_IT
                0x0000000008002148       0x98 ./Drivers/STM32F1xx_HAL_Driver/Src/stm32f1xx_hal_tim.o
                0x0000000008002148                HAL_TIM_Base_Start_IT
 .text.HAL_TIM_IRQHandler
                0x00000000080021e0      0x1e0 ./Drivers/STM32F1xx_HAL_Driver/Src/stm32f1xx_hal_tim.o
                0x00000000080021e0                HAL_TIM_IRQHandler
 .text.HAL_TIM_ConfigClockSource
                0x00000000080023c0      0x18e ./Drivers/STM32F1xx_HAL_Driver/Src/stm32f1xx_hal_tim.o
                0x00000000080023c0                HAL_TIM_ConfigClockSource
 .text.HAL_TIM_OC_DelayElapsedCallback
                0x000000000800254e       0x12 ./Drivers/STM32F1xx_HAL_Driver/Src/stm32f1xx_hal_tim.o
                0x000000000800254e                HAL_TIM_OC_DelayElapsedCallback
 .text.HAL_TIM_IC_CaptureCallback
                0x0000000008002560       0x12 ./Drivers/STM32F1xx_HAL_Driver/Src/stm32f1xx_hal_tim.o
                0x0000000008002560                HAL_TIM_IC_CaptureCallback
 .text.HAL_TIM_PWM_PulseFinishedCallback
                0x0000000008002572       0x12 ./Drivers/STM32F1xx_HAL_Driver/Src/stm32f1xx_hal_tim.o
                0x0000000008002572                HAL_TIM_PWM_PulseFinishedCallback
 .text.HAL_TIM_TriggerCallback
                0x0000000008002584       0x12 ./Drivers/STM32F1xx_HAL_Driver/Src/stm32f1xx_hal_tim.o
                0x0000000008002584                HAL_TIM_TriggerCallback
 *fill*         0x0000000008002596        0x2 
 .text.TIM_Base_SetConfig
                0x0000000008002598       0xc8 ./Drivers/STM32F1xx_HAL_Driver/Src/stm32f1xx_hal_tim.o
                0x0000000008002598                TIM_Base_SetConfig
 .text.TIM_TI1_ConfigInputStage
                0x0000000008002660       0x5c ./Drivers/STM32F1xx_HAL_Driver/Src/stm32f1xx_hal_tim.o
 .text.TIM_TI2_ConfigInputStage
                0x00000000080026bc       0x5e ./Drivers/STM32F1xx_HAL_Driver/Src/stm32f1xx_hal_tim.o
 .text.TIM_ITRx_SetConfig
                0x000000000800271a       0x34 ./Drivers/STM32F1xx_HAL_Driver/Src/stm32f1xx_hal_tim.o
 .text.TIM_ETR_SetConfig
                0x000000000800274e       0x3e ./Drivers/STM32F1xx_HAL_Driver/Src/stm32f1xx_hal_tim.o
                0x000000000800274e                TIM_ETR_SetConfig
 .text.HAL_TIMEx_MasterConfigSynchronization
                0x000000000800278c       0xb0 ./Drivers/STM32F1xx_HAL_Driver/Src/stm32f1xx_hal_tim_ex.o
                0x000000000800278c                HAL_TIMEx_MasterConfigSynchronization
 .text.HAL_TIMEx_CommutCallback
                0x000000000800283c       0x12 ./Drivers/STM32F1xx_HAL_Driver/Src/stm32f1xx_hal_tim_ex.o
                0x000000000800283c                HAL_TIMEx_CommutCallback
 .text.HAL_TIMEx_BreakCallback
                0x000000000800284e       0x12 ./Drivers/STM32F1xx_HAL_Driver/Src/stm32f1xx_hal_tim_ex.o
                0x000000000800284e                HAL_TIMEx_BreakCallback
 .text.__errno  0x0000000008002860        0xc c:/st/stm32cubeide_1.7.0/stm32cubeide/plugins/com.st.stm32cube.ide.mcu.externaltools.gnu-tools-for-stm32.9-2020-q2-update.win32_2.0.0.202105311346/tools/bin/../lib/gcc/arm-none-eabi/9.3.1/../../../../arm-none-eabi/lib/thumb/v7-m/nofp\libc_nano.a(lib_a-errno.o)
                0x0000000008002860                __errno
 .text.__libc_init_array
                0x000000000800286c       0x48 c:/st/stm32cubeide_1.7.0/stm32cubeide/plugins/com.st.stm32cube.ide.mcu.externaltools.gnu-tools-for-stm32.9-2020-q2-update.win32_2.0.0.202105311346/tools/bin/../lib/gcc/arm-none-eabi/9.3.1/../../../../arm-none-eabi/lib/thumb/v7-m/nofp\libc_nano.a(lib_a-init.o)
                0x000000000800286c                __libc_init_array
 .text.malloc   0x00000000080028b4       0x10 c:/st/stm32cubeide_1.7.0/stm32cubeide/plugins/com.st.stm32cube.ide.mcu.externaltools.gnu-tools-for-stm32.9-2020-q2-update.win32_2.0.0.202105311346/tools/bin/../lib/gcc/arm-none-eabi/9.3.1/../../../../arm-none-eabi/lib/thumb/v7-m/nofp\libc_nano.a(lib_a-malloc.o)
                0x00000000080028b4                malloc
 .text.memset   0x00000000080028c4       0x10 c:/st/stm32cubeide_1.7.0/stm32cubeide/plugins/com.st.stm32cube.ide.mcu.externaltools.gnu-tools-for-stm32.9-2020-q2-update.win32_2.0.0.202105311346/tools/bin/../lib/gcc/arm-none-eabi/9.3.1/../../../../arm-none-eabi/lib/thumb/v7-m/nofp\libc_nano.a(lib_a-memset.o)
                0x00000000080028c4                memset
 .text._malloc_r
                0x00000000080028d4       0xb4 c:/st/stm32cubeide_1.7.0/stm32cubeide/plugins/com.st.stm32cube.ide.mcu.externaltools.gnu-tools-for-stm32.9-2020-q2-update.win32_2.0.0.202105311346/tools/bin/../lib/gcc/arm-none-eabi/9.3.1/../../../../arm-none-eabi/lib/thumb/v7-m/nofp\libc_nano.a(lib_a-nano-mallocr.o)
                0x00000000080028d4                _malloc_r
 .text._sbrk_r  0x0000000008002988       0x20 c:/st/stm32cubeide_1.7.0/stm32cubeide/plugins/com.st.stm32cube.ide.mcu.externaltools.gnu-tools-for-stm32.9-2020-q2-update.win32_2.0.0.202105311346/tools/bin/../lib/gcc/arm-none-eabi/9.3.1/../../../../arm-none-eabi/lib/thumb/v7-m/nofp\libc_nano.a(lib_a-sbrkr.o)
                0x0000000008002988                _sbrk_r
 .text.__malloc_lock
                0x00000000080029a8        0xc c:/st/stm32cubeide_1.7.0/stm32cubeide/plugins/com.st.stm32cube.ide.mcu.externaltools.gnu-tools-for-stm32.9-2020-q2-update.win32_2.0.0.202105311346/tools/bin/../lib/gcc/arm-none-eabi/9.3.1/../../../../arm-none-eabi/lib/thumb/v7-m/nofp\libc_nano.a(lib_a-mlock.o)
                0x00000000080029a8                __malloc_lock
 .text.__malloc_unlock
                0x00000000080029b4        0xc c:/st/stm32cubeide_1.7.0/stm32cubeide/plugins/com.st.stm32cube.ide.mcu.externaltools.gnu-tools-for-stm32.9-2020-q2-update.win32_2.0.0.202105311346/tools/bin/../lib/gcc/arm-none-eabi/9.3.1/../../../../arm-none-eabi/lib/thumb/v7-m/nofp\libc_nano.a(lib_a-mlock.o)
                0x00000000080029b4                __malloc_unlock
 .text.__retarget_lock_acquire_recursive
                0x00000000080029c0        0x2 c:/st/stm32cubeide_1.7.0/stm32cubeide/plugins/com.st.stm32cube.ide.mcu.externaltools.gnu-tools-for-stm32.9-2020-q2-update.win32_2.0.0.202105311346/tools/bin/../lib/gcc/arm-none-eabi/9.3.1/../../../../arm-none-eabi/lib/thumb/v7-m/nofp\libc_nano.a(lib_a-lock.o)
                0x00000000080029c0                __retarget_lock_acquire_recursive
 .text.__retarget_lock_release_recursive
                0x00000000080029c2        0x2 c:/st/stm32cubeide_1.7.0/stm32cubeide/plugins/com.st.stm32cube.ide.mcu.externaltools.gnu-tools-for-stm32.9-2020-q2-update.win32_2.0.0.202105311346/tools/bin/../lib/gcc/arm-none-eabi/9.3.1/../../../../arm-none-eabi/lib/thumb/v7-m/nofp\libc_nano.a(lib_a-lock.o)
                0x00000000080029c2                __retarget_lock_release_recursive
 *(.glue_7)
 .glue_7        0x00000000080029c4        0x0 linker stubs
 *(.glue_7t)
 .glue_7t       0x00000000080029c4        0x0 linker stubs
 *(.eh_frame)
 .eh_frame      0x00000000080029c4        0x0 c:/st/stm32cubeide_1.7.0/stm32cubeide/plugins/com.st.stm32cube.ide.mcu.externaltools.gnu-tools-for-stm32.9-2020-q2-update.win32_2.0.0.202105311346/tools/bin/../lib/gcc/arm-none-eabi/9.3.1/thumb/v7-m/nofp/crtbegin.o
 *(.init)
 .init          0x00000000080029c4        0x4 c:/st/stm32cubeide_1.7.0/stm32cubeide/plugins/com.st.stm32cube.ide.mcu.externaltools.gnu-tools-for-stm32.9-2020-q2-update.win32_2.0.0.202105311346/tools/bin/../lib/gcc/arm-none-eabi/9.3.1/thumb/v7-m/nofp/crti.o
                0x00000000080029c4                _init
 .init          0x00000000080029c8        0x8 c:/st/stm32cubeide_1.7.0/stm32cubeide/plugins/com.st.stm32cube.ide.mcu.externaltools.gnu-tools-for-stm32.9-2020-q2-update.win32_2.0.0.202105311346/tools/bin/../lib/gcc/arm-none-eabi/9.3.1/thumb/v7-m/nofp/crtn.o
 *(.fini)
 .fini          0x00000000080029d0        0x4 c:/st/stm32cubeide_1.7.0/stm32cubeide/plugins/com.st.stm32cube.ide.mcu.externaltools.gnu-tools-for-stm32.9-2020-q2-update.win32_2.0.0.202105311346/tools/bin/../lib/gcc/arm-none-eabi/9.3.1/thumb/v7-m/nofp/crti.o
                0x00000000080029d0                _fini
 .fini          0x00000000080029d4        0x8 c:/st/stm32cubeide_1.7.0/stm32cubeide/plugins/com.st.stm32cube.ide.mcu.externaltools.gnu-tools-for-stm32.9-2020-q2-update.win32_2.0.0.202105311346/tools/bin/../lib/gcc/arm-none-eabi/9.3.1/thumb/v7-m/nofp/crtn.o
                0x00000000080029dc                . = ALIGN (0x4)
                0x00000000080029dc                _etext = .

.vfp11_veneer   0x00000000080029dc        0x0
 .vfp11_veneer  0x00000000080029dc        0x0 linker stubs

.v4_bx          0x00000000080029dc        0x0
 .v4_bx         0x00000000080029dc        0x0 linker stubs

.iplt           0x00000000080029dc        0x0
 .iplt          0x00000000080029dc        0x0 c:/st/stm32cubeide_1.7.0/stm32cubeide/plugins/com.st.stm32cube.ide.mcu.externaltools.gnu-tools-for-stm32.9-2020-q2-update.win32_2.0.0.202105311346/tools/bin/../lib/gcc/arm-none-eabi/9.3.1/thumb/v7-m/nofp/crtbegin.o

.rodata         0x00000000080029dc       0x30
                0x00000000080029dc                . = ALIGN (0x4)
 *(.rodata)
 *(.rodata*)
 .rodata.number_code
                0x00000000080029dc        0xa ./Core/Src/LED_Display.o
                0x00000000080029dc                number_code
 *fill*         0x00000000080029e6        0x2 
 .rodata.AHBPrescTable
                0x00000000080029e8       0x10 ./Core/Src/system_stm32f1xx.o
                0x00000000080029e8                AHBPrescTable
 .rodata.aPLLMULFactorTable.6032
                0x00000000080029f8       0x10 ./Drivers/STM32F1xx_HAL_Driver/Src/stm32f1xx_hal_rcc.o
 .rodata.aPredivFactorTable.6033
                0x0000000008002a08        0x2 ./Drivers/STM32F1xx_HAL_Driver/Src/stm32f1xx_hal_rcc.o
                0x0000000008002a0c                . = ALIGN (0x4)
 *fill*         0x0000000008002a0a        0x2 

.rel.dyn        0x0000000008002a0c        0x0
 .rel.iplt      0x0000000008002a0c        0x0 c:/st/stm32cubeide_1.7.0/stm32cubeide/plugins/com.st.stm32cube.ide.mcu.externaltools.gnu-tools-for-stm32.9-2020-q2-update.win32_2.0.0.202105311346/tools/bin/../lib/gcc/arm-none-eabi/9.3.1/thumb/v7-m/nofp/crtbegin.o

.ARM.extab      0x0000000008002a0c        0x0
                0x0000000008002a0c                . = ALIGN (0x4)
 *(.ARM.extab* .gnu.linkonce.armextab.*)
                0x0000000008002a0c                . = ALIGN (0x4)

.ARM            0x0000000008002a0c        0x0
                0x0000000008002a0c                . = ALIGN (0x4)
                0x0000000008002a0c                __exidx_start = .
 *(.ARM.exidx*)
                0x0000000008002a0c                __exidx_end = .
                0x0000000008002a0c                . = ALIGN (0x4)

.preinit_array  0x0000000008002a0c        0x0
                0x0000000008002a0c                . = ALIGN (0x4)
                0x0000000008002a0c                PROVIDE (__preinit_array_start = .)
 *(.preinit_array*)
                0x0000000008002a0c                PROVIDE (__preinit_array_end = .)
                0x0000000008002a0c                . = ALIGN (0x4)

.init_array     0x0000000008002a0c        0x4
                0x0000000008002a0c                . = ALIGN (0x4)
                0x0000000008002a0c                PROVIDE (__init_array_start = .)
 *(SORT_BY_NAME(.init_array.*))
 *(.init_array*)
 .init_array    0x0000000008002a0c        0x4 c:/st/stm32cubeide_1.7.0/stm32cubeide/plugins/com.st.stm32cube.ide.mcu.externaltools.gnu-tools-for-stm32.9-2020-q2-update.win32_2.0.0.202105311346/tools/bin/../lib/gcc/arm-none-eabi/9.3.1/thumb/v7-m/nofp/crtbegin.o
                0x0000000008002a10                PROVIDE (__init_array_end = .)
                0x0000000008002a10                . = ALIGN (0x4)

.fini_array     0x0000000008002a10        0x4
                0x0000000008002a10                . = ALIGN (0x4)
                [!provide]                        PROVIDE (__fini_array_start = .)
 *(SORT_BY_NAME(.fini_array.*))
 *(.fini_array*)
 .fini_array    0x0000000008002a10        0x4 c:/st/stm32cubeide_1.7.0/stm32cubeide/plugins/com.st.stm32cube.ide.mcu.externaltools.gnu-tools-for-stm32.9-2020-q2-update.win32_2.0.0.202105311346/tools/bin/../lib/gcc/arm-none-eabi/9.3.1/thumb/v7-m/nofp/crtbegin.o
                [!provide]                        PROVIDE (__fini_array_end = .)
                0x0000000008002a14                . = ALIGN (0x4)
                0x0000000008002a14                _sidata = LOADADDR (.data)

.data           0x0000000020000000       0x74 load address 0x0000000008002a14
                0x0000000020000000                . = ALIGN (0x4)
                0x0000000020000000                _sdata = .
 *(.data)
 *(.data*)
 .data.base_counter_red
                0x0000000020000000        0x1 ./Core/Src/Finite_State_Machine.o
                0x0000000020000000                base_counter_red
 .data.base_counter_yellow
                0x0000000020000001        0x1 ./Core/Src/Finite_State_Machine.o
                0x0000000020000001                base_counter_yellow
 .data.base_counter_green
                0x0000000020000002        0x1 ./Core/Src/Finite_State_Machine.o
                0x0000000020000002                base_counter_green
 *fill*         0x0000000020000003        0x1 
 .data.SystemCoreClock
                0x0000000020000004        0x4 ./Core/Src/system_stm32f1xx.o
                0x0000000020000004                SystemCoreClock
 .data.uwTickPrio
                0x0000000020000008        0x4 ./Drivers/STM32F1xx_HAL_Driver/Src/stm32f1xx_hal.o
                0x0000000020000008                uwTickPrio
 .data.uwTickFreq
                0x000000002000000c        0x1 ./Drivers/STM32F1xx_HAL_Driver/Src/stm32f1xx_hal.o
                0x000000002000000c                uwTickFreq
 *fill*         0x000000002000000d        0x3 
 .data._impure_ptr
                0x0000000020000010        0x4 c:/st/stm32cubeide_1.7.0/stm32cubeide/plugins/com.st.stm32cube.ide.mcu.externaltools.gnu-tools-for-stm32.9-2020-q2-update.win32_2.0.0.202105311346/tools/bin/../lib/gcc/arm-none-eabi/9.3.1/../../../../arm-none-eabi/lib/thumb/v7-m/nofp\libc_nano.a(lib_a-impure.o)
                0x0000000020000010                _impure_ptr
 .data.impure_data
                0x0000000020000014       0x60 c:/st/stm32cubeide_1.7.0/stm32cubeide/plugins/com.st.stm32cube.ide.mcu.externaltools.gnu-tools-for-stm32.9-2020-q2-update.win32_2.0.0.202105311346/tools/bin/../lib/gcc/arm-none-eabi/9.3.1/../../../../arm-none-eabi/lib/thumb/v7-m/nofp\libc_nano.a(lib_a-impure.o)
 *(.RamFunc)
 *(.RamFunc*)
                0x0000000020000074                . = ALIGN (0x4)
                0x0000000020000074                _edata = .

.igot.plt       0x0000000020000074        0x0 load address 0x0000000008002a88
 .igot.plt      0x0000000020000074        0x0 c:/st/stm32cubeide_1.7.0/stm32cubeide/plugins/com.st.stm32cube.ide.mcu.externaltools.gnu-tools-for-stm32.9-2020-q2-update.win32_2.0.0.202105311346/tools/bin/../lib/gcc/arm-none-eabi/9.3.1/thumb/v7-m/nofp/crtbegin.o
                0x0000000020000074                . = ALIGN (0x4)

.bss            0x0000000020000074      0x10c load address 0x0000000008002a88
                0x0000000020000074                _sbss = .
                0x0000000020000074                __bss_start__ = _sbss
 *(.bss)
 .bss           0x0000000020000074       0x1c c:/st/stm32cubeide_1.7.0/stm32cubeide/plugins/com.st.stm32cube.ide.mcu.externaltools.gnu-tools-for-stm32.9-2020-q2-update.win32_2.0.0.202105311346/tools/bin/../lib/gcc/arm-none-eabi/9.3.1/thumb/v7-m/nofp/crtbegin.o
 *(.bss*)
 .bss.machine_state
                0x0000000020000090        0x1 ./Core/Src/Finite_State_Machine.o
                0x0000000020000090                machine_state
 .bss.trafic_light_state
                0x0000000020000091        0x1 ./Core/Src/Finite_State_Machine.o
                0x0000000020000091                trafic_light_state
 .bss.en_pin    0x0000000020000092        0x1 ./Core/Src/Finite_State_Machine.o
                0x0000000020000092                en_pin
 *fill*         0x0000000020000093        0x1 
 .bss.led_buffer
                0x0000000020000094        0x4 ./Core/Src/Finite_State_Machine.o
                0x0000000020000094                led_buffer
 .bss.timers    0x0000000020000098       0x40 ./Core/Src/Software_Timer.o
                0x0000000020000098                timers
 .bss.timer_count
                0x00000000200000d8        0x4 ./Core/Src/Software_Timer.o
                0x00000000200000d8                timer_count
 .bss.last_time
                0x00000000200000dc        0x4 ./Core/Src/Software_Timer.o
                0x00000000200000dc                last_time
 .bss.current_time
                0x00000000200000e0        0x4 ./Core/Src/Software_Timer.o
                0x00000000200000e0                current_time
 .bss.__sbrk_heap_end
                0x00000000200000e4        0x4 ./Core/Src/sysmem.o
 .bss.__malloc_free_list
                0x00000000200000e8        0x4 c:/st/stm32cubeide_1.7.0/stm32cubeide/plugins/com.st.stm32cube.ide.mcu.externaltools.gnu-tools-for-stm32.9-2020-q2-update.win32_2.0.0.202105311346/tools/bin/../lib/gcc/arm-none-eabi/9.3.1/../../../../arm-none-eabi/lib/thumb/v7-m/nofp\libc_nano.a(lib_a-nano-mallocr.o)
                0x00000000200000e8                __malloc_free_list
 .bss.__malloc_sbrk_start
                0x00000000200000ec        0x4 c:/st/stm32cubeide_1.7.0/stm32cubeide/plugins/com.st.stm32cube.ide.mcu.externaltools.gnu-tools-for-stm32.9-2020-q2-update.win32_2.0.0.202105311346/tools/bin/../lib/gcc/arm-none-eabi/9.3.1/../../../../arm-none-eabi/lib/thumb/v7-m/nofp\libc_nano.a(lib_a-nano-mallocr.o)
                0x00000000200000ec                __malloc_sbrk_start
 *(COMMON)
 COMMON         0x00000000200000f0       0x1b ./Core/Src/Button.o
                0x00000000200000f0                previous_state
                0x00000000200000f4                button_counter_id
                0x0000000020000100                current_state
                0x0000000020000104                button_state
                0x0000000020000108                interface_button_state
 *fill*         0x000000002000010b        0x1 
 COMMON         0x000000002000010c       0x14 ./Core/Src/Finite_State_Machine.o
                0x000000002000010c                counter_B
                0x000000002000010d                modifiable_base_counter
                0x000000002000010e                counter_A
                0x0000000020000110                led_display_timer_id
                0x0000000020000114                blinking_timer_id
                0x0000000020000118                modify_restrict_timer_id
                0x000000002000011c                trafic_light_timer_id
 COMMON         0x0000000020000120        0x4 ./Core/Src/Software_Timer.o
                0x0000000020000120                head
 COMMON         0x0000000020000124       0x48 ./Core/Src/main.o
                0x0000000020000124                htim2
 COMMON         0x000000002000016c        0x4 ./Drivers/STM32F1xx_HAL_Driver/Src/stm32f1xx_hal.o
                0x000000002000016c                uwTick
 COMMON         0x0000000020000170        0x4 c:/st/stm32cubeide_1.7.0/stm32cubeide/plugins/com.st.stm32cube.ide.mcu.externaltools.gnu-tools-for-stm32.9-2020-q2-update.win32_2.0.0.202105311346/tools/bin/../lib/gcc/arm-none-eabi/9.3.1/../../../../arm-none-eabi/lib/thumb/v7-m/nofp\libc_nano.a(lib_a-reent.o)
                0x0000000020000170                errno
 COMMON         0x0000000020000174        0x9 c:/st/stm32cubeide_1.7.0/stm32cubeide/plugins/com.st.stm32cube.ide.mcu.externaltools.gnu-tools-for-stm32.9-2020-q2-update.win32_2.0.0.202105311346/tools/bin/../lib/gcc/arm-none-eabi/9.3.1/../../../../arm-none-eabi/lib/thumb/v7-m/nofp\libc_nano.a(lib_a-lock.o)
                0x0000000020000174                __lock___atexit_recursive_mutex
                0x0000000020000175                __lock___arc4random_mutex
                0x0000000020000176                __lock___env_recursive_mutex
                0x0000000020000177                __lock___sinit_recursive_mutex
                0x0000000020000178                __lock___malloc_recursive_mutex
                0x0000000020000179                __lock___at_quick_exit_mutex
                0x000000002000017a                __lock___dd_hash_mutex
                0x000000002000017b                __lock___tz_mutex
                0x000000002000017c                __lock___sfp_recursive_mutex
                0x0000000020000180                . = ALIGN (0x4)
 *fill*         0x000000002000017d        0x3 
                0x0000000020000180                _ebss = .
                0x0000000020000180                __bss_end__ = _ebss

._user_heap_stack
                0x0000000020000180      0x600 load address 0x0000000008002a88
                0x0000000020000180                . = ALIGN (0x8)
                [!provide]                        PROVIDE (end = .)
                0x0000000020000180                PROVIDE (_end = .)
                0x0000000020000380                . = (. + _Min_Heap_Size)
 *fill*         0x0000000020000180      0x200 
                0x0000000020000780                . = (. + _Min_Stack_Size)
 *fill*         0x0000000020000380      0x400 
                0x0000000020000780                . = ALIGN (0x8)

/DISCARD/
 libc.a(*)
 libm.a(*)
 libgcc.a(*)

.ARM.attributes
                0x0000000000000000       0x29
 *(.ARM.attributes)
 .ARM.attributes
                0x0000000000000000       0x1d c:/st/stm32cubeide_1.7.0/stm32cubeide/plugins/com.st.stm32cube.ide.mcu.externaltools.gnu-tools-for-stm32.9-2020-q2-update.win32_2.0.0.202105311346/tools/bin/../lib/gcc/arm-none-eabi/9.3.1/thumb/v7-m/nofp/crti.o
 .ARM.attributes
                0x000000000000001d       0x2d c:/st/stm32cubeide_1.7.0/stm32cubeide/plugins/com.st.stm32cube.ide.mcu.externaltools.gnu-tools-for-stm32.9-2020-q2-update.win32_2.0.0.202105311346/tools/bin/../lib/gcc/arm-none-eabi/9.3.1/thumb/v7-m/nofp/crtbegin.o
 .ARM.attributes
                0x000000000000004a       0x2d ./Core/Src/Button.o
 .ARM.attributes
                0x0000000000000077       0x2d ./Core/Src/Finite_State_Machine.o
 .ARM.attributes
                0x00000000000000a4       0x2d ./Core/Src/LED_Display.o
 .ARM.attributes
                0x00000000000000d1       0x2d ./Core/Src/Linked_List.o
 .ARM.attributes
                0x00000000000000fe       0x2d ./Core/Src/Software_Timer.o
 .ARM.attributes
                0x000000000000012b       0x2d ./Core/Src/main.o
 .ARM.attributes
                0x0000000000000158       0x2d ./Core/Src/stm32f1xx_hal_msp.o
 .ARM.attributes
                0x0000000000000185       0x2d ./Core/Src/stm32f1xx_it.o
 .ARM.attributes
                0x00000000000001b2       0x2d ./Core/Src/sysmem.o
 .ARM.attributes
                0x00000000000001df       0x2d ./Core/Src/system_stm32f1xx.o
 .ARM.attributes
                0x000000000000020c       0x21 ./Core/Startup/startup_stm32f103c6tx.o
 .ARM.attributes
                0x000000000000022d       0x2d ./Drivers/STM32F1xx_HAL_Driver/Src/stm32f1xx_hal.o
 .ARM.attributes
                0x000000000000025a       0x2d ./Drivers/STM32F1xx_HAL_Driver/Src/stm32f1xx_hal_cortex.o
 .ARM.attributes
                0x0000000000000287       0x2d ./Drivers/STM32F1xx_HAL_Driver/Src/stm32f1xx_hal_gpio.o
 .ARM.attributes
                0x00000000000002b4       0x2d ./Drivers/STM32F1xx_HAL_Driver/Src/stm32f1xx_hal_rcc.o
 .ARM.attributes
                0x00000000000002e1       0x2d ./Drivers/STM32F1xx_HAL_Driver/Src/stm32f1xx_hal_tim.o
 .ARM.attributes
                0x000000000000030e       0x2d ./Drivers/STM32F1xx_HAL_Driver/Src/stm32f1xx_hal_tim_ex.o
 .ARM.attributes
                0x000000000000033b       0x2d c:/st/stm32cubeide_1.7.0/stm32cubeide/plugins/com.st.stm32cube.ide.mcu.externaltools.gnu-tools-for-stm32.9-2020-q2-update.win32_2.0.0.202105311346/tools/bin/../lib/gcc/arm-none-eabi/9.3.1/../../../../arm-none-eabi/lib/thumb/v7-m/nofp\libc_nano.a(lib_a-errno.o)
 .ARM.attributes
                0x0000000000000368       0x2d c:/st/stm32cubeide_1.7.0/stm32cubeide/plugins/com.st.stm32cube.ide.mcu.externaltools.gnu-tools-for-stm32.9-2020-q2-update.win32_2.0.0.202105311346/tools/bin/../lib/gcc/arm-none-eabi/9.3.1/../../../../arm-none-eabi/lib/thumb/v7-m/nofp\libc_nano.a(lib_a-impure.o)
 .ARM.attributes
                0x0000000000000395       0x2d c:/st/stm32cubeide_1.7.0/stm32cubeide/plugins/com.st.stm32cube.ide.mcu.externaltools.gnu-tools-for-stm32.9-2020-q2-update.win32_2.0.0.202105311346/tools/bin/../lib/gcc/arm-none-eabi/9.3.1/../../../../arm-none-eabi/lib/thumb/v7-m/nofp\libc_nano.a(lib_a-init.o)
 .ARM.attributes
                0x00000000000003c2       0x2d c:/st/stm32cubeide_1.7.0/stm32cubeide/plugins/com.st.stm32cube.ide.mcu.externaltools.gnu-tools-for-stm32.9-2020-q2-update.win32_2.0.0.202105311346/tools/bin/../lib/gcc/arm-none-eabi/9.3.1/../../../../arm-none-eabi/lib/thumb/v7-m/nofp\libc_nano.a(lib_a-malloc.o)
 .ARM.attributes
                0x00000000000003ef       0x2d c:/st/stm32cubeide_1.7.0/stm32cubeide/plugins/com.st.stm32cube.ide.mcu.externaltools.gnu-tools-for-stm32.9-2020-q2-update.win32_2.0.0.202105311346/tools/bin/../lib/gcc/arm-none-eabi/9.3.1/../../../../arm-none-eabi/lib/thumb/v7-m/nofp\libc_nano.a(lib_a-memset.o)
 .ARM.attributes
                0x000000000000041c       0x2d c:/st/stm32cubeide_1.7.0/stm32cubeide/plugins/com.st.stm32cube.ide.mcu.externaltools.gnu-tools-for-stm32.9-2020-q2-update.win32_2.0.0.202105311346/tools/bin/../lib/gcc/arm-none-eabi/9.3.1/../../../../arm-none-eabi/lib/thumb/v7-m/nofp\libc_nano.a(lib_a-nano-mallocr.o)
 .ARM.attributes
                0x0000000000000449       0x2d c:/st/stm32cubeide_1.7.0/stm32cubeide/plugins/com.st.stm32cube.ide.mcu.externaltools.gnu-tools-for-stm32.9-2020-q2-update.win32_2.0.0.202105311346/tools/bin/../lib/gcc/arm-none-eabi/9.3.1/../../../../arm-none-eabi/lib/thumb/v7-m/nofp\libc_nano.a(lib_a-sbrkr.o)
 .ARM.attributes
                0x0000000000000476       0x2d c:/st/stm32cubeide_1.7.0/stm32cubeide/plugins/com.st.stm32cube.ide.mcu.externaltools.gnu-tools-for-stm32.9-2020-q2-update.win32_2.0.0.202105311346/tools/bin/../lib/gcc/arm-none-eabi/9.3.1/../../../../arm-none-eabi/lib/thumb/v7-m/nofp\libc_nano.a(lib_a-mlock.o)
 .ARM.attributes
                0x00000000000004a3       0x2d c:/st/stm32cubeide_1.7.0/stm32cubeide/plugins/com.st.stm32cube.ide.mcu.externaltools.gnu-tools-for-stm32.9-2020-q2-update.win32_2.0.0.202105311346/tools/bin/../lib/gcc/arm-none-eabi/9.3.1/../../../../arm-none-eabi/lib/thumb/v7-m/nofp\libc_nano.a(lib_a-reent.o)
 .ARM.attributes
                0x00000000000004d0       0x2d c:/st/stm32cubeide_1.7.0/stm32cubeide/plugins/com.st.stm32cube.ide.mcu.externaltools.gnu-tools-for-stm32.9-2020-q2-update.win32_2.0.0.202105311346/tools/bin/../lib/gcc/arm-none-eabi/9.3.1/../../../../arm-none-eabi/lib/thumb/v7-m/nofp\libc_nano.a(lib_a-lock.o)
 .ARM.attributes
                0x00000000000004fd       0x1d c:/st/stm32cubeide_1.7.0/stm32cubeide/plugins/com.st.stm32cube.ide.mcu.externaltools.gnu-tools-for-stm32.9-2020-q2-update.win32_2.0.0.202105311346/tools/bin/../lib/gcc/arm-none-eabi/9.3.1/thumb/v7-m/nofp/crtn.o
OUTPUT(Lab-3.elf elf32-littlearm)
LOAD linker stubs
LOAD c:/st/stm32cubeide_1.7.0/stm32cubeide/plugins/com.st.stm32cube.ide.mcu.externaltools.gnu-tools-for-stm32.9-2020-q2-update.win32_2.0.0.202105311346/tools/bin/../lib/gcc/arm-none-eabi/9.3.1/../../../../arm-none-eabi/lib/thumb/v7-m/nofp\libc.a
LOAD c:/st/stm32cubeide_1.7.0/stm32cubeide/plugins/com.st.stm32cube.ide.mcu.externaltools.gnu-tools-for-stm32.9-2020-q2-update.win32_2.0.0.202105311346/tools/bin/../lib/gcc/arm-none-eabi/9.3.1/../../../../arm-none-eabi/lib/thumb/v7-m/nofp\libm.a
LOAD c:/st/stm32cubeide_1.7.0/stm32cubeide/plugins/com.st.stm32cube.ide.mcu.externaltools.gnu-tools-for-stm32.9-2020-q2-update.win32_2.0.0.202105311346/tools/bin/../lib/gcc/arm-none-eabi/9.3.1/thumb/v7-m/nofp\libgcc.a

.debug_info     0x0000000000000000     0xc222
 .debug_info    0x0000000000000000      0xc47 ./Core/Src/Button.o
 .debug_info    0x0000000000000c47      0xd3c ./Core/Src/Finite_State_Machine.o
 .debug_info    0x0000000000001983      0x3e5 ./Core/Src/LED_Display.o
 .debug_info    0x0000000000001d68      0x12d ./Core/Src/Linked_List.o
 .debug_info    0x0000000000001e95      0xc39 ./Core/Src/Software_Timer.o
 .debug_info    0x0000000000002ace     0x143e ./Core/Src/main.o
 .debug_info    0x0000000000003f0c      0xa09 ./Core/Src/stm32f1xx_hal_msp.o
 .debug_info    0x0000000000004915      0x7b9 ./Core/Src/stm32f1xx_it.o
 .debug_info    0x00000000000050ce      0xa25 ./Core/Src/sysmem.o
 .debug_info    0x0000000000005af3      0x2be ./Core/Src/system_stm32f1xx.o
 .debug_info    0x0000000000005db1       0x22 ./Core/Startup/startup_stm32f103c6tx.o
 .debug_info    0x0000000000005dd3      0x74c ./Drivers/STM32F1xx_HAL_Driver/Src/stm32f1xx_hal.o
 .debug_info    0x000000000000651f      0xbbe ./Drivers/STM32F1xx_HAL_Driver/Src/stm32f1xx_hal_cortex.o
 .debug_info    0x00000000000070dd      0x701 ./Drivers/STM32F1xx_HAL_Driver/Src/stm32f1xx_hal_gpio.o
 .debug_info    0x00000000000077de      0x893 ./Drivers/STM32F1xx_HAL_Driver/Src/stm32f1xx_hal_rcc.o
 .debug_info    0x0000000000008071     0x2c32 ./Drivers/STM32F1xx_HAL_Driver/Src/stm32f1xx_hal_tim.o
 .debug_info    0x000000000000aca3     0x157f ./Drivers/STM32F1xx_HAL_Driver/Src/stm32f1xx_hal_tim_ex.o

.debug_abbrev   0x0000000000000000     0x208d
 .debug_abbrev  0x0000000000000000      0x24f ./Core/Src/Button.o
 .debug_abbrev  0x000000000000024f      0x249 ./Core/Src/Finite_State_Machine.o
 .debug_abbrev  0x0000000000000498      0x18a ./Core/Src/LED_Display.o
 .debug_abbrev  0x0000000000000622       0xc5 ./Core/Src/Linked_List.o
 .debug_abbrev  0x00000000000006e7      0x2a3 ./Core/Src/Software_Timer.o
 .debug_abbrev  0x000000000000098a      0x298 ./Core/Src/main.o
 .debug_abbrev  0x0000000000000c22      0x1b7 ./Core/Src/stm32f1xx_hal_msp.o
 .debug_abbrev  0x0000000000000dd9      0x176 ./Core/Src/stm32f1xx_it.o
 .debug_abbrev  0x0000000000000f4f      0x1bf ./Core/Src/sysmem.o
 .debug_abbrev  0x000000000000110e      0x14e ./Core/Src/system_stm32f1xx.o
 .debug_abbrev  0x000000000000125c       0x12 ./Core/Startup/startup_stm32f103c6tx.o
 .debug_abbrev  0x000000000000126e      0x1ed ./Drivers/STM32F1xx_HAL_Driver/Src/stm32f1xx_hal.o
 .debug_abbrev  0x000000000000145b      0x313 ./Drivers/STM32F1xx_HAL_Driver/Src/stm32f1xx_hal_cortex.o
 .debug_abbrev  0x000000000000176e      0x1e8 ./Drivers/STM32F1xx_HAL_Driver/Src/stm32f1xx_hal_gpio.o
 .debug_abbrev  0x0000000000001956      0x273 ./Drivers/STM32F1xx_HAL_Driver/Src/stm32f1xx_hal_rcc.o
 .debug_abbrev  0x0000000000001bc9      0x25e ./Drivers/STM32F1xx_HAL_Driver/Src/stm32f1xx_hal_tim.o
 .debug_abbrev  0x0000000000001e27      0x266 ./Drivers/STM32F1xx_HAL_Driver/Src/stm32f1xx_hal_tim_ex.o

.debug_aranges  0x0000000000000000      0xaa8
 .debug_aranges
                0x0000000000000000       0x30 ./Core/Src/Button.o
 .debug_aranges
                0x0000000000000030       0x68 ./Core/Src/Finite_State_Machine.o
 .debug_aranges
                0x0000000000000098       0x50 ./Core/Src/LED_Display.o
 .debug_aranges
                0x00000000000000e8       0x28 ./Core/Src/Linked_List.o
 .debug_aranges
                0x0000000000000110       0x48 ./Core/Src/Software_Timer.o
 .debug_aranges
                0x0000000000000158       0x48 ./Core/Src/main.o
 .debug_aranges
                0x00000000000001a0       0x30 ./Core/Src/stm32f1xx_hal_msp.o
 .debug_aranges
                0x00000000000001d0       0x68 ./Core/Src/stm32f1xx_it.o
 .debug_aranges
                0x0000000000000238       0x20 ./Core/Src/sysmem.o
 .debug_aranges
                0x0000000000000258       0x28 ./Core/Src/system_stm32f1xx.o
 .debug_aranges
                0x0000000000000280       0x28 ./Core/Startup/startup_stm32f103c6tx.o
 .debug_aranges
                0x00000000000002a8       0xe0 ./Drivers/STM32F1xx_HAL_Driver/Src/stm32f1xx_hal.o
 .debug_aranges
                0x0000000000000388      0x100 ./Drivers/STM32F1xx_HAL_Driver/Src/stm32f1xx_hal_cortex.o
 .debug_aranges
                0x0000000000000488       0x58 ./Drivers/STM32F1xx_HAL_Driver/Src/stm32f1xx_hal_gpio.o
 .debug_aranges
                0x00000000000004e0       0x90 ./Drivers/STM32F1xx_HAL_Driver/Src/stm32f1xx_hal_rcc.o
 .debug_aranges
                0x0000000000000570      0x3d0 ./Drivers/STM32F1xx_HAL_Driver/Src/stm32f1xx_hal_tim.o
 .debug_aranges
                0x0000000000000940      0x168 ./Drivers/STM32F1xx_HAL_Driver/Src/stm32f1xx_hal_tim_ex.o

.debug_ranges   0x0000000000000000      0x9a0
 .debug_ranges  0x0000000000000000       0x20 ./Core/Src/Button.o
 .debug_ranges  0x0000000000000020       0x58 ./Core/Src/Finite_State_Machine.o
 .debug_ranges  0x0000000000000078       0x40 ./Core/Src/LED_Display.o
 .debug_ranges  0x00000000000000b8       0x18 ./Core/Src/Linked_List.o
 .debug_ranges  0x00000000000000d0       0x38 ./Core/Src/Software_Timer.o
 .debug_ranges  0x0000000000000108       0x38 ./Core/Src/main.o
 .debug_ranges  0x0000000000000140       0x20 ./Core/Src/stm32f1xx_hal_msp.o
 .debug_ranges  0x0000000000000160       0x58 ./Core/Src/stm32f1xx_it.o
 .debug_ranges  0x00000000000001b8       0x10 ./Core/Src/sysmem.o
 .debug_ranges  0x00000000000001c8       0x18 ./Core/Src/system_stm32f1xx.o
 .debug_ranges  0x00000000000001e0       0x20 ./Core/Startup/startup_stm32f103c6tx.o
 .debug_ranges  0x0000000000000200       0xd0 ./Drivers/STM32F1xx_HAL_Driver/Src/stm32f1xx_hal.o
 .debug_ranges  0x00000000000002d0       0xf0 ./Drivers/STM32F1xx_HAL_Driver/Src/stm32f1xx_hal_cortex.o
 .debug_ranges  0x00000000000003c0       0x48 ./Drivers/STM32F1xx_HAL_Driver/Src/stm32f1xx_hal_gpio.o
 .debug_ranges  0x0000000000000408       0x80 ./Drivers/STM32F1xx_HAL_Driver/Src/stm32f1xx_hal_rcc.o
 .debug_ranges  0x0000000000000488      0x3c0 ./Drivers/STM32F1xx_HAL_Driver/Src/stm32f1xx_hal_tim.o
 .debug_ranges  0x0000000000000848      0x158 ./Drivers/STM32F1xx_HAL_Driver/Src/stm32f1xx_hal_tim_ex.o

.debug_macro    0x0000000000000000    0x17e63
 .debug_macro   0x0000000000000000      0x2a7 ./Core/Src/Button.o
 .debug_macro   0x00000000000002a7      0xa9c ./Core/Src/Button.o
 .debug_macro   0x0000000000000d43      0x215 ./Core/Src/Button.o
 .debug_macro   0x0000000000000f58       0x2e ./Core/Src/Button.o
 .debug_macro   0x0000000000000f86       0x22 ./Core/Src/Button.o
 .debug_macro   0x0000000000000fa8       0x22 ./Core/Src/Button.o
 .debug_macro   0x0000000000000fca       0x8e ./Core/Src/Button.o
 .debug_macro   0x0000000000001058       0x51 ./Core/Src/Button.o
 .debug_macro   0x00000000000010a9      0x103 ./Core/Src/Button.o
 .debug_macro   0x00000000000011ac       0x6a ./Core/Src/Button.o
 .debug_macro   0x0000000000001216      0x1df ./Core/Src/Button.o
 .debug_macro   0x00000000000013f5       0x1c ./Core/Src/Button.o
 .debug_macro   0x0000000000001411       0x22 ./Core/Src/Button.o
 .debug_macro   0x0000000000001433       0xc3 ./Core/Src/Button.o
 .debug_macro   0x00000000000014f6      0xd23 ./Core/Src/Button.o
 .debug_macro   0x0000000000002219     0xde75 ./Core/Src/Button.o
 .debug_macro   0x000000000001008e       0x6d ./Core/Src/Button.o
 .debug_macro   0x00000000000100fb     0x34a2 ./Core/Src/Button.o
 .debug_macro   0x000000000001359d      0x174 ./Core/Src/Button.o
 .debug_macro   0x0000000000013711       0x5c ./Core/Src/Button.o
 .debug_macro   0x000000000001376d      0x5bc ./Core/Src/Button.o
 .debug_macro   0x0000000000013d29      0x1b7 ./Core/Src/Button.o
 .debug_macro   0x0000000000013ee0      0x1cb ./Core/Src/Button.o
 .debug_macro   0x00000000000140ab      0x114 ./Core/Src/Button.o
 .debug_macro   0x00000000000141bf      0x1b2 ./Core/Src/Button.o
 .debug_macro   0x0000000000014371       0x27 ./Core/Src/Button.o
 .debug_macro   0x0000000000014398      0x12f ./Core/Src/Button.o
 .debug_macro   0x00000000000144c7      0x1bc ./Core/Src/Button.o
 .debug_macro   0x0000000000014683       0x34 ./Core/Src/Button.o
 .debug_macro   0x00000000000146b7       0x3c ./Core/Src/Button.o
 .debug_macro   0x00000000000146f3       0x57 ./Core/Src/Button.o
 .debug_macro   0x000000000001474a       0x87 ./Core/Src/Button.o
 .debug_macro   0x00000000000147d1      0x183 ./Core/Src/Button.o
 .debug_macro   0x0000000000014954      0x140 ./Core/Src/Button.o
 .debug_macro   0x0000000000014a94      0x8ed ./Core/Src/Button.o
 .debug_macro   0x0000000000015381       0x69 ./Core/Src/Button.o
 .debug_macro   0x00000000000153ea      0x100 ./Core/Src/Button.o
 .debug_macro   0x00000000000154ea       0x18 ./Core/Src/Button.o
 .debug_macro   0x0000000000015502       0x52 ./Core/Src/Button.o
 .debug_macro   0x0000000000015554       0x3c ./Core/Src/Button.o
 .debug_macro   0x0000000000015590       0x34 ./Core/Src/Button.o
 .debug_macro   0x00000000000155c4       0x16 ./Core/Src/Button.o
 .debug_macro   0x00000000000155da       0x35 ./Core/Src/Button.o
 .debug_macro   0x000000000001560f       0x16 ./Core/Src/Button.o
 .debug_macro   0x0000000000015625       0x43 ./Core/Src/Button.o
 .debug_macro   0x0000000000015668       0x34 ./Core/Src/Button.o
 .debug_macro   0x000000000001569c       0x10 ./Core/Src/Button.o
 .debug_macro   0x00000000000156ac       0x58 ./Core/Src/Button.o
 .debug_macro   0x0000000000015704       0x71 ./Core/Src/Button.o
 .debug_macro   0x0000000000015775       0x1c ./Core/Src/Button.o
 .debug_macro   0x0000000000015791      0x12a ./Core/Src/Button.o
 .debug_macro   0x00000000000158bb      0x333 ./Core/Src/Button.o
 .debug_macro   0x0000000000015bee       0x16 ./Core/Src/Button.o
 .debug_macro   0x0000000000015c04       0x29 ./Core/Src/Button.o
 .debug_macro   0x0000000000015c2d       0x16 ./Core/Src/Button.o
 .debug_macro   0x0000000000015c43      0x2ba ./Core/Src/Finite_State_Machine.o
 .debug_macro   0x0000000000015efd      0x10e ./Core/Src/Finite_State_Machine.o
 .debug_macro   0x000000000001600b       0x8d ./Core/Src/Finite_State_Machine.o
 .debug_macro   0x0000000000016098      0x339 ./Core/Src/Finite_State_Machine.o
 .debug_macro   0x00000000000163d1       0xbd ./Core/Src/Finite_State_Machine.o
 .debug_macro   0x000000000001648e       0x56 ./Core/Src/Finite_State_Machine.o
 .debug_macro   0x00000000000164e4       0x1c ./Core/Src/Finite_State_Machine.o
 .debug_macro   0x0000000000016500      0x1b5 ./Core/Src/LED_Display.o
 .debug_macro   0x00000000000166b5       0x16 ./Core/Src/LED_Display.o
 .debug_macro   0x00000000000166cb       0x1a ./Core/Src/Linked_List.o
 .debug_macro   0x00000000000166e5      0x285 ./Core/Src/Software_Timer.o
 .debug_macro   0x000000000001696a      0x2a6 ./Core/Src/main.o
 .debug_macro   0x0000000000016c10      0x1a6 ./Core/Src/stm32f1xx_hal_msp.o
 .debug_macro   0x0000000000016db6      0x1b0 ./Core/Src/stm32f1xx_it.o
 .debug_macro   0x0000000000016f66       0xff ./Core/Src/sysmem.o
 .debug_macro   0x0000000000017065      0x23b ./Core/Src/sysmem.o
 .debug_macro   0x00000000000172a0      0x197 ./Core/Src/system_stm32f1xx.o
 .debug_macro   0x0000000000017437      0x1bb ./Drivers/STM32F1xx_HAL_Driver/Src/stm32f1xx_hal.o
 .debug_macro   0x00000000000175f2      0x197 ./Drivers/STM32F1xx_HAL_Driver/Src/stm32f1xx_hal_cortex.o
 .debug_macro   0x0000000000017789      0x202 ./Drivers/STM32F1xx_HAL_Driver/Src/stm32f1xx_hal_gpio.o
 .debug_macro   0x000000000001798b      0x1a9 ./Drivers/STM32F1xx_HAL_Driver/Src/stm32f1xx_hal_rcc.o
 .debug_macro   0x0000000000017b34      0x198 ./Drivers/STM32F1xx_HAL_Driver/Src/stm32f1xx_hal_tim.o
 .debug_macro   0x0000000000017ccc      0x197 ./Drivers/STM32F1xx_HAL_Driver/Src/stm32f1xx_hal_tim_ex.o

.debug_line     0x0000000000000000     0xbead
 .debug_line    0x0000000000000000      0x89d ./Core/Src/Button.o
 .debug_line    0x000000000000089d      0xb14 ./Core/Src/Finite_State_Machine.o
 .debug_line    0x00000000000013b1      0x7bc ./Core/Src/LED_Display.o
 .debug_line    0x0000000000001b6d       0xdb ./Core/Src/Linked_List.o
 .debug_line    0x0000000000001c48      0x8b8 ./Core/Src/Software_Timer.o
 .debug_line    0x0000000000002500      0x92e ./Core/Src/main.o
 .debug_line    0x0000000000002e2e      0x6a1 ./Core/Src/stm32f1xx_hal_msp.o
 .debug_line    0x00000000000034cf      0x73f ./Core/Src/stm32f1xx_it.o
 .debug_line    0x0000000000003c0e      0x4f8 ./Core/Src/sysmem.o
 .debug_line    0x0000000000004106      0x6e3 ./Core/Src/system_stm32f1xx.o
 .debug_line    0x00000000000047e9       0x86 ./Core/Startup/startup_stm32f103c6tx.o
 .debug_line    0x000000000000486f      0x910 ./Drivers/STM32F1xx_HAL_Driver/Src/stm32f1xx_hal.o
 .debug_line    0x000000000000517f      0xaf8 ./Drivers/STM32F1xx_HAL_Driver/Src/stm32f1xx_hal_cortex.o
 .debug_line    0x0000000000005c77      0x993 ./Drivers/STM32F1xx_HAL_Driver/Src/stm32f1xx_hal_gpio.o
 .debug_line    0x000000000000660a      0xd1c ./Drivers/STM32F1xx_HAL_Driver/Src/stm32f1xx_hal_rcc.o
 .debug_line    0x0000000000007326     0x3361 ./Drivers/STM32F1xx_HAL_Driver/Src/stm32f1xx_hal_tim.o
 .debug_line    0x000000000000a687     0x1826 ./Drivers/STM32F1xx_HAL_Driver/Src/stm32f1xx_hal_tim_ex.o

.debug_str      0x0000000000000000    0x85f02
 .debug_str     0x0000000000000000    0x82b3d ./Core/Src/Button.o
                                      0x82f54 (size before relaxing)
 .debug_str     0x0000000000082b3d      0x390 ./Core/Src/Finite_State_Machine.o
                                      0x8316a (size before relaxing)
 .debug_str     0x0000000000082ecd       0xc4 ./Core/Src/LED_Display.o
                                      0x7fc78 (size before relaxing)
 .debug_str     0x0000000000082f91       0x80 ./Core/Src/Linked_List.o
                                       0x2e33 (size before relaxing)
 .debug_str     0x0000000000083011       0xe5 ./Core/Src/Software_Timer.o
                                      0x82ec7 (size before relaxing)
 .debug_str     0x00000000000830f6      0x6df ./Core/Src/main.o
                                      0x835c7 (size before relaxing)
 .debug_str     0x00000000000837d5      0x2ba ./Core/Src/stm32f1xx_hal_msp.o
                                      0x802f1 (size before relaxing)
 .debug_str     0x0000000000083a8f       0xcd ./Core/Src/stm32f1xx_it.o
                                      0x80053 (size before relaxing)
 .debug_str     0x0000000000083b5c      0x4e9 ./Core/Src/sysmem.o
                                       0x625e (size before relaxing)
 .debug_str     0x0000000000084045       0x52 ./Core/Src/system_stm32f1xx.o
                                      0x7f77e (size before relaxing)
 .debug_str     0x0000000000084097       0x36 ./Core/Startup/startup_stm32f103c6tx.o
                                         0x72 (size before relaxing)
 .debug_str     0x00000000000840cd      0x304 ./Drivers/STM32F1xx_HAL_Driver/Src/stm32f1xx_hal.o
                                      0x7fdd5 (size before relaxing)
 .debug_str     0x00000000000843d1      0x300 ./Drivers/STM32F1xx_HAL_Driver/Src/stm32f1xx_hal_cortex.o
                                      0x7fddd (size before relaxing)
 .debug_str     0x00000000000846d1      0x316 ./Drivers/STM32F1xx_HAL_Driver/Src/stm32f1xx_hal_gpio.o
                                      0x7fb42 (size before relaxing)
 .debug_str     0x00000000000849e7      0x24f ./Drivers/STM32F1xx_HAL_Driver/Src/stm32f1xx_hal_rcc.o
                                      0x7fb7b (size before relaxing)
 .debug_str     0x0000000000084c36      0xdde ./Drivers/STM32F1xx_HAL_Driver/Src/stm32f1xx_hal_tim.o
                                      0x80b64 (size before relaxing)
 .debug_str     0x0000000000085a14      0x4ee ./Drivers/STM32F1xx_HAL_Driver/Src/stm32f1xx_hal_tim_ex.o
                                      0x80305 (size before relaxing)

.comment        0x0000000000000000       0x53
 .comment       0x0000000000000000       0x53 ./Core/Src/Button.o
                                         0x54 (size before relaxing)
 .comment       0x0000000000000053       0x54 ./Core/Src/Finite_State_Machine.o
 .comment       0x0000000000000053       0x54 ./Core/Src/LED_Display.o
 .comment       0x0000000000000053       0x54 ./Core/Src/Linked_List.o
 .comment       0x0000000000000053       0x54 ./Core/Src/Software_Timer.o
 .comment       0x0000000000000053       0x54 ./Core/Src/main.o
 .comment       0x0000000000000053       0x54 ./Core/Src/stm32f1xx_hal_msp.o
 .comment       0x0000000000000053       0x54 ./Core/Src/stm32f1xx_it.o
 .comment       0x0000000000000053       0x54 ./Core/Src/sysmem.o
 .comment       0x0000000000000053       0x54 ./Core/Src/system_stm32f1xx.o
 .comment       0x0000000000000053       0x54 ./Drivers/STM32F1xx_HAL_Driver/Src/stm32f1xx_hal.o
 .comment       0x0000000000000053       0x54 ./Drivers/STM32F1xx_HAL_Driver/Src/stm32f1xx_hal_cortex.o
 .comment       0x0000000000000053       0x54 ./Drivers/STM32F1xx_HAL_Driver/Src/stm32f1xx_hal_gpio.o
 .comment       0x0000000000000053       0x54 ./Drivers/STM32F1xx_HAL_Driver/Src/stm32f1xx_hal_rcc.o
 .comment       0x0000000000000053       0x54 ./Drivers/STM32F1xx_HAL_Driver/Src/stm32f1xx_hal_tim.o
 .comment       0x0000000000000053       0x54 ./Drivers/STM32F1xx_HAL_Driver/Src/stm32f1xx_hal_tim_ex.o

.debug_frame    0x0000000000000000     0x2bf8
 .debug_frame   0x0000000000000000       0x80 ./Core/Src/Button.o
 .debug_frame   0x0000000000000080      0x138 ./Core/Src/Finite_State_Machine.o
 .debug_frame   0x00000000000001b8      0x10c ./Core/Src/LED_Display.o
 .debug_frame   0x00000000000002c4       0x60 ./Core/Src/Linked_List.o
 .debug_frame   0x0000000000000324       0xf4 ./Core/Src/Software_Timer.o
 .debug_frame   0x0000000000000418       0xd4 ./Core/Src/main.o
 .debug_frame   0x00000000000004ec       0x80 ./Core/Src/stm32f1xx_hal_msp.o
 .debug_frame   0x000000000000056c      0x120 ./Core/Src/stm32f1xx_it.o
 .debug_frame   0x000000000000068c       0x34 ./Core/Src/sysmem.o
 .debug_frame   0x00000000000006c0       0x58 ./Core/Src/system_stm32f1xx.o
 .debug_frame   0x0000000000000718      0x334 ./Drivers/STM32F1xx_HAL_Driver/Src/stm32f1xx_hal.o
 .debug_frame   0x0000000000000a4c      0x428 ./Drivers/STM32F1xx_HAL_Driver/Src/stm32f1xx_hal_cortex.o
 .debug_frame   0x0000000000000e74      0x14c ./Drivers/STM32F1xx_HAL_Driver/Src/stm32f1xx_hal_gpio.o
 .debug_frame   0x0000000000000fc0      0x218 ./Drivers/STM32F1xx_HAL_Driver/Src/stm32f1xx_hal_rcc.o
 .debug_frame   0x00000000000011d8     0x11b4 ./Drivers/STM32F1xx_HAL_Driver/Src/stm32f1xx_hal_tim.o
 .debug_frame   0x000000000000238c      0x638 ./Drivers/STM32F1xx_HAL_Driver/Src/stm32f1xx_hal_tim_ex.o
 .debug_frame   0x00000000000029c4       0x20 c:/st/stm32cubeide_1.7.0/stm32cubeide/plugins/com.st.stm32cube.ide.mcu.externaltools.gnu-tools-for-stm32.9-2020-q2-update.win32_2.0.0.202105311346/tools/bin/../lib/gcc/arm-none-eabi/9.3.1/../../../../arm-none-eabi/lib/thumb/v7-m/nofp\libc_nano.a(lib_a-errno.o)
 .debug_frame   0x00000000000029e4       0x2c c:/st/stm32cubeide_1.7.0/stm32cubeide/plugins/com.st.stm32cube.ide.mcu.externaltools.gnu-tools-for-stm32.9-2020-q2-update.win32_2.0.0.202105311346/tools/bin/../lib/gcc/arm-none-eabi/9.3.1/../../../../arm-none-eabi/lib/thumb/v7-m/nofp\libc_nano.a(lib_a-init.o)
 .debug_frame   0x0000000000002a10       0x30 c:/st/stm32cubeide_1.7.0/stm32cubeide/plugins/com.st.stm32cube.ide.mcu.externaltools.gnu-tools-for-stm32.9-2020-q2-update.win32_2.0.0.202105311346/tools/bin/../lib/gcc/arm-none-eabi/9.3.1/../../../../arm-none-eabi/lib/thumb/v7-m/nofp\libc_nano.a(lib_a-malloc.o)
 .debug_frame   0x0000000000002a40       0x20 c:/st/stm32cubeide_1.7.0/stm32cubeide/plugins/com.st.stm32cube.ide.mcu.externaltools.gnu-tools-for-stm32.9-2020-q2-update.win32_2.0.0.202105311346/tools/bin/../lib/gcc/arm-none-eabi/9.3.1/../../../../arm-none-eabi/lib/thumb/v7-m/nofp\libc_nano.a(lib_a-memset.o)
 .debug_frame   0x0000000000002a60       0x30 c:/st/stm32cubeide_1.7.0/stm32cubeide/plugins/com.st.stm32cube.ide.mcu.externaltools.gnu-tools-for-stm32.9-2020-q2-update.win32_2.0.0.202105311346/tools/bin/../lib/gcc/arm-none-eabi/9.3.1/../../../../arm-none-eabi/lib/thumb/v7-m/nofp\libc_nano.a(lib_a-nano-mallocr.o)
 .debug_frame   0x0000000000002a90       0x2c c:/st/stm32cubeide_1.7.0/stm32cubeide/plugins/com.st.stm32cube.ide.mcu.externaltools.gnu-tools-for-stm32.9-2020-q2-update.win32_2.0.0.202105311346/tools/bin/../lib/gcc/arm-none-eabi/9.3.1/../../../../arm-none-eabi/lib/thumb/v7-m/nofp\libc_nano.a(lib_a-sbrkr.o)
 .debug_frame   0x0000000000002abc       0x30 c:/st/stm32cubeide_1.7.0/stm32cubeide/plugins/com.st.stm32cube.ide.mcu.externaltools.gnu-tools-for-stm32.9-2020-q2-update.win32_2.0.0.202105311346/tools/bin/../lib/gcc/arm-none-eabi/9.3.1/../../../../arm-none-eabi/lib/thumb/v7-m/nofp\libc_nano.a(lib_a-mlock.o)
 .debug_frame   0x0000000000002aec       0x5c c:/st/stm32cubeide_1.7.0/stm32cubeide/plugins/com.st.stm32cube.ide.mcu.externaltools.gnu-tools-for-stm32.9-2020-q2-update.win32_2.0.0.202105311346/tools/bin/../lib/gcc/arm-none-eabi/9.3.1/../../../../arm-none-eabi/lib/thumb/v7-m/nofp\libc_nano.a(lib_a-reent.o)
 .debug_frame   0x0000000000002b48       0xb0 c:/st/stm32cubeide_1.7.0/stm32cubeide/plugins/com.st.stm32cube.ide.mcu.externaltools.gnu-tools-for-stm32.9-2020-q2-update.win32_2.0.0.202105311346/tools/bin/../lib/gcc/arm-none-eabi/9.3.1/../../../../arm-none-eabi/lib/thumb/v7-m/nofp\libc_nano.a(lib_a-lock.o)
