Finite_State_Machine.c:57:6:FiniteStateMachine_Run	8	static
Finite_State_Machine.c:149:6:FiniteStateMachine_Init	8	static
Finite_State_Machine.c:170:6:FiniteStateMachine_Normal	8	static
Finite_State_Machine.c:223:6:FiniteStateMachine_ModifyRed	8	static
Finite_State_Machine.c:232:6:FiniteStateMachine_ModifyYellow	8	static
Finite_State_Machine.c:241:6:FiniteStateMachine_ModifyGreen	8	static
Finite_State_Machine.c:251:6:UpdateLEDBuffer	4	static
Finite_State_Machine.c:258:6:FiniteStateMachine_ToggleLight	8	static
Finite_State_Machine.c:283:6:UpdateBaseCounter	8	static
Finite_State_Machine.c:310:6:BalanceBaseCounter	16	static
