Finite_State_Machine.c:57:6:FiniteStateMachine_Run	8	static
Finite_State_Machine.c:149:6:FiniteStateMachine_Init	8	static
Finite_State_Machine.c:163:6:FiniteStateMachine_Normal	8	static
Finite_State_Machine.c:216:6:FiniteStateMachine_ModifyRed	8	static
Finite_State_Machine.c:225:6:FiniteStateMachine_ModifyYellow	8	static
Finite_State_Machine.c:234:6:FiniteStateMachine_ModifyGreen	8	static
Finite_State_Machine.c:244:6:UpdateLEDBuffer	4	static
Finite_State_Machine.c:251:6:FiniteStateMachine_ToggleLight	8	static
Finite_State_Machine.c:276:6:UpdateBaseCounter	8	static
Finite_State_Machine.c:303:6:BalanceBaseCounter	16	static
